<block>
    <subblock>
        text
    </subblock>
    <subblock>
        text
    </subblock>
    <subblock>
        text
        <subblock>
            text
        </subblock>
        <subblock>
            text
            <subblock>
                text
            </subblock>
        </subblock>
    </subblock>
    <subblock>
        <subblock>
            <subblock>
                <subblock>
                    text
                </subblock>
            </subblock>
            <subblock>
                <subblock>
                    text
                </subblock>
            </subblock>
            <subblock>
                <subblock>
                    text
                </subblock>
            </subblock>
        </subblock>
    </subblock>
    <subblock>
        text
    </subblock>
</block>
